------------------------------------------------------------
Timing Analyzer Summary
------------------------------------------------------------

Type  : Slow 1100mV 85C Model Setup 'datapath:add_instance|pipe_MEMWB:p_mem_wb|pipe_bit:wb_cont|Dout'
Slack : -5.039
TNS   : -146.453

Type  : Slow 1100mV 85C Model Setup 'input_vector[0]'
Slack : -2.240
TNS   : -45.396

Type  : Slow 1100mV 85C Model Hold 'input_vector[0]'
Slack : 0.426
TNS   : 0.000

Type  : Slow 1100mV 85C Model Hold 'datapath:add_instance|pipe_MEMWB:p_mem_wb|pipe_bit:wb_cont|Dout'
Slack : 2.940
TNS   : 0.000

Type  : Slow 1100mV 85C Model Minimum Pulse Width 'input_vector[0]'
Slack : -0.724
TNS   : -52.042

Type  : Slow 1100mV 85C Model Minimum Pulse Width 'datapath:add_instance|pipe_MEMWB:p_mem_wb|pipe_bit:wb_cont|Dout'
Slack : 0.311
TNS   : 0.000

Type  : Slow 1100mV 0C Model Setup 'datapath:add_instance|pipe_MEMWB:p_mem_wb|pipe_bit:wb_cont|Dout'
Slack : -5.217
TNS   : -151.751

Type  : Slow 1100mV 0C Model Setup 'input_vector[0]'
Slack : -2.413
TNS   : -48.747

Type  : Slow 1100mV 0C Model Hold 'input_vector[0]'
Slack : 0.417
TNS   : 0.000

Type  : Slow 1100mV 0C Model Hold 'datapath:add_instance|pipe_MEMWB:p_mem_wb|pipe_bit:wb_cont|Dout'
Slack : 3.027
TNS   : 0.000

Type  : Slow 1100mV 0C Model Minimum Pulse Width 'input_vector[0]'
Slack : -0.724
TNS   : -52.284

Type  : Slow 1100mV 0C Model Minimum Pulse Width 'datapath:add_instance|pipe_MEMWB:p_mem_wb|pipe_bit:wb_cont|Dout'
Slack : 0.304
TNS   : 0.000

Type  : Fast 1100mV 85C Model Setup 'datapath:add_instance|pipe_MEMWB:p_mem_wb|pipe_bit:wb_cont|Dout'
Slack : -1.733
TNS   : -49.034

Type  : Fast 1100mV 85C Model Setup 'input_vector[0]'
Slack : -0.360
TNS   : -2.595

Type  : Fast 1100mV 85C Model Hold 'input_vector[0]'
Slack : 0.193
TNS   : 0.000

Type  : Fast 1100mV 85C Model Hold 'datapath:add_instance|pipe_MEMWB:p_mem_wb|pipe_bit:wb_cont|Dout'
Slack : 1.465
TNS   : 0.000

Type  : Fast 1100mV 85C Model Minimum Pulse Width 'input_vector[0]'
Slack : -0.085
TNS   : -3.914

Type  : Fast 1100mV 85C Model Minimum Pulse Width 'datapath:add_instance|pipe_MEMWB:p_mem_wb|pipe_bit:wb_cont|Dout'
Slack : 0.335
TNS   : 0.000

Type  : Fast 1100mV 0C Model Setup 'datapath:add_instance|pipe_MEMWB:p_mem_wb|pipe_bit:wb_cont|Dout'
Slack : -1.659
TNS   : -47.505

Type  : Fast 1100mV 0C Model Setup 'input_vector[0]'
Slack : -0.272
TNS   : -1.652

Type  : Fast 1100mV 0C Model Hold 'input_vector[0]'
Slack : 0.172
TNS   : 0.000

Type  : Fast 1100mV 0C Model Hold 'datapath:add_instance|pipe_MEMWB:p_mem_wb|pipe_bit:wb_cont|Dout'
Slack : 1.478
TNS   : 0.000

Type  : Fast 1100mV 0C Model Minimum Pulse Width 'input_vector[0]'
Slack : -0.086
TNS   : -3.949

Type  : Fast 1100mV 0C Model Minimum Pulse Width 'datapath:add_instance|pipe_MEMWB:p_mem_wb|pipe_bit:wb_cont|Dout'
Slack : 0.360
TNS   : 0.000

------------------------------------------------------------
