------------------------------------------------------------
Timing Analyzer Summary
------------------------------------------------------------

Type  : Slow 1100mV 85C Model Setup 'risc_processor:add_instance|state_transition:control_logic|CS.S1'
Slack : -11.815
TNS   : -359.656

Type  : Slow 1100mV 85C Model Setup 'risc_processor:add_instance|state_transition:control_logic|CS.S22'
Slack : -11.723
TNS   : -1175.268

Type  : Slow 1100mV 85C Model Setup 'input_vector[0]'
Slack : -10.532
TNS   : -5309.746

Type  : Slow 1100mV 85C Model Hold 'risc_processor:add_instance|state_transition:control_logic|CS.S22'
Slack : -4.199
TNS   : -140.883

Type  : Slow 1100mV 85C Model Hold 'input_vector[0]'
Slack : -3.860
TNS   : -52.352

Type  : Slow 1100mV 85C Model Hold 'risc_processor:add_instance|state_transition:control_logic|CS.S1'
Slack : -0.735
TNS   : -1.231

Type  : Slow 1100mV 85C Model Recovery 'risc_processor:add_instance|state_transition:control_logic|CS.S22'
Slack : -4.508
TNS   : -8.964

Type  : Slow 1100mV 85C Model Removal 'risc_processor:add_instance|state_transition:control_logic|CS.S22'
Slack : 3.374
TNS   : 0.000

Type  : Slow 1100mV 85C Model Minimum Pulse Width 'risc_processor:add_instance|state_transition:control_logic|CS.S22'
Slack : -4.817
TNS   : -2592.683

Type  : Slow 1100mV 85C Model Minimum Pulse Width 'risc_processor:add_instance|state_transition:control_logic|CS.S1'
Slack : -0.965
TNS   : -5.509

Type  : Slow 1100mV 85C Model Minimum Pulse Width 'input_vector[0]'
Slack : -0.724
TNS   : -685.338

Type  : Slow 1100mV 0C Model Setup 'risc_processor:add_instance|state_transition:control_logic|CS.S1'
Slack : -11.999
TNS   : -365.980

Type  : Slow 1100mV 0C Model Setup 'risc_processor:add_instance|state_transition:control_logic|CS.S22'
Slack : -11.679
TNS   : -1179.727

Type  : Slow 1100mV 0C Model Setup 'input_vector[0]'
Slack : -10.145
TNS   : -4953.503

Type  : Slow 1100mV 0C Model Hold 'input_vector[0]'
Slack : -3.956
TNS   : -57.259

Type  : Slow 1100mV 0C Model Hold 'risc_processor:add_instance|state_transition:control_logic|CS.S22'
Slack : -3.903
TNS   : -123.624

Type  : Slow 1100mV 0C Model Hold 'risc_processor:add_instance|state_transition:control_logic|CS.S1'
Slack : -0.855
TNS   : -1.512

Type  : Slow 1100mV 0C Model Recovery 'risc_processor:add_instance|state_transition:control_logic|CS.S22'
Slack : -4.711
TNS   : -9.351

Type  : Slow 1100mV 0C Model Removal 'risc_processor:add_instance|state_transition:control_logic|CS.S22'
Slack : 3.516
TNS   : 0.000

Type  : Slow 1100mV 0C Model Minimum Pulse Width 'risc_processor:add_instance|state_transition:control_logic|CS.S22'
Slack : -4.807
TNS   : -2565.962

Type  : Slow 1100mV 0C Model Minimum Pulse Width 'risc_processor:add_instance|state_transition:control_logic|CS.S1'
Slack : -0.997
TNS   : -5.489

Type  : Slow 1100mV 0C Model Minimum Pulse Width 'input_vector[0]'
Slack : -0.724
TNS   : -684.399

Type  : Fast 1100mV 85C Model Setup 'risc_processor:add_instance|state_transition:control_logic|CS.S22'
Slack : -5.825
TNS   : -553.378

Type  : Fast 1100mV 85C Model Setup 'input_vector[0]'
Slack : -5.127
TNS   : -2366.673

Type  : Fast 1100mV 85C Model Setup 'risc_processor:add_instance|state_transition:control_logic|CS.S1'
Slack : -4.920
TNS   : -145.328

Type  : Fast 1100mV 85C Model Hold 'risc_processor:add_instance|state_transition:control_logic|CS.S22'
Slack : -1.993
TNS   : -61.174

Type  : Fast 1100mV 85C Model Hold 'input_vector[0]'
Slack : -1.634
TNS   : -20.695

Type  : Fast 1100mV 85C Model Hold 'risc_processor:add_instance|state_transition:control_logic|CS.S1'
Slack : -0.312
TNS   : -0.462

Type  : Fast 1100mV 85C Model Recovery 'risc_processor:add_instance|state_transition:control_logic|CS.S22'
Slack : -1.424
TNS   : -2.842

Type  : Fast 1100mV 85C Model Removal 'risc_processor:add_instance|state_transition:control_logic|CS.S22'
Slack : 1.642
TNS   : 0.000

Type  : Fast 1100mV 85C Model Minimum Pulse Width 'risc_processor:add_instance|state_transition:control_logic|CS.S22'
Slack : -1.979
TNS   : -745.724

Type  : Fast 1100mV 85C Model Minimum Pulse Width 'risc_processor:add_instance|state_transition:control_logic|CS.S1'
Slack : -0.297
TNS   : -0.829

Type  : Fast 1100mV 85C Model Minimum Pulse Width 'input_vector[0]'
Slack : -0.094
TNS   : -55.077

Type  : Fast 1100mV 0C Model Setup 'risc_processor:add_instance|state_transition:control_logic|CS.S22'
Slack : -4.996
TNS   : -475.680

Type  : Fast 1100mV 0C Model Setup 'risc_processor:add_instance|state_transition:control_logic|CS.S1'
Slack : -4.499
TNS   : -133.312

Type  : Fast 1100mV 0C Model Setup 'input_vector[0]'
Slack : -4.339
TNS   : -1992.980

Type  : Fast 1100mV 0C Model Hold 'input_vector[0]'
Slack : -1.590
TNS   : -21.365

Type  : Fast 1100mV 0C Model Hold 'risc_processor:add_instance|state_transition:control_logic|CS.S22'
Slack : -1.588
TNS   : -40.601

Type  : Fast 1100mV 0C Model Hold 'risc_processor:add_instance|state_transition:control_logic|CS.S1'
Slack : -0.285
TNS   : -0.435

Type  : Fast 1100mV 0C Model Recovery 'risc_processor:add_instance|state_transition:control_logic|CS.S22'
Slack : -1.398
TNS   : -2.790

Type  : Fast 1100mV 0C Model Removal 'risc_processor:add_instance|state_transition:control_logic|CS.S22'
Slack : 1.646
TNS   : 0.000

Type  : Fast 1100mV 0C Model Minimum Pulse Width 'risc_processor:add_instance|state_transition:control_logic|CS.S22'
Slack : -1.719
TNS   : -622.336

Type  : Fast 1100mV 0C Model Minimum Pulse Width 'risc_processor:add_instance|state_transition:control_logic|CS.S1'
Slack : -0.222
TNS   : -0.608

Type  : Fast 1100mV 0C Model Minimum Pulse Width 'input_vector[0]'
Slack : -0.091
TNS   : -54.120

------------------------------------------------------------
