------------------------------------------------------------
Timing Analyzer Summary
------------------------------------------------------------

Type  : Slow 1100mV 85C Model Setup 'risc_processor:add_instance|state_transition:control_logic|CS.S1'
Slack : -6.768
TNS   : -101.276

Type  : Slow 1100mV 85C Model Setup 'input_vector[0]'
Slack : -6.501
TNS   : -154.319

Type  : Slow 1100mV 85C Model Setup 'risc_processor:add_instance|state_transition:control_logic|CS.S8'
Slack : -5.648
TNS   : -81.694

Type  : Slow 1100mV 85C Model Hold 'input_vector[0]'
Slack : -2.410
TNS   : -7.036

Type  : Slow 1100mV 85C Model Hold 'risc_processor:add_instance|state_transition:control_logic|CS.S1'
Slack : 3.119
TNS   : 0.000

Type  : Slow 1100mV 85C Model Hold 'risc_processor:add_instance|state_transition:control_logic|CS.S8'
Slack : 3.339
TNS   : 0.000

Type  : Slow 1100mV 85C Model Minimum Pulse Width 'input_vector[0]'
Slack : -0.724
TNS   : -42.286

Type  : Slow 1100mV 85C Model Minimum Pulse Width 'risc_processor:add_instance|state_transition:control_logic|CS.S1'
Slack : 0.092
TNS   : 0.000

Type  : Slow 1100mV 85C Model Minimum Pulse Width 'risc_processor:add_instance|state_transition:control_logic|CS.S8'
Slack : 0.209
TNS   : 0.000

Type  : Slow 1100mV 0C Model Setup 'risc_processor:add_instance|state_transition:control_logic|CS.S1'
Slack : -6.997
TNS   : -105.215

Type  : Slow 1100mV 0C Model Setup 'input_vector[0]'
Slack : -6.120
TNS   : -144.984

Type  : Slow 1100mV 0C Model Setup 'risc_processor:add_instance|state_transition:control_logic|CS.S8'
Slack : -5.783
TNS   : -83.826

Type  : Slow 1100mV 0C Model Hold 'input_vector[0]'
Slack : -2.514
TNS   : -7.574

Type  : Slow 1100mV 0C Model Hold 'risc_processor:add_instance|state_transition:control_logic|CS.S1'
Slack : 3.240
TNS   : 0.000

Type  : Slow 1100mV 0C Model Hold 'risc_processor:add_instance|state_transition:control_logic|CS.S8'
Slack : 3.451
TNS   : 0.000

Type  : Slow 1100mV 0C Model Minimum Pulse Width 'input_vector[0]'
Slack : -0.724
TNS   : -42.382

Type  : Slow 1100mV 0C Model Minimum Pulse Width 'risc_processor:add_instance|state_transition:control_logic|CS.S1'
Slack : 0.128
TNS   : 0.000

Type  : Slow 1100mV 0C Model Minimum Pulse Width 'risc_processor:add_instance|state_transition:control_logic|CS.S8'
Slack : 0.259
TNS   : 0.000

Type  : Fast 1100mV 85C Model Setup 'input_vector[0]'
Slack : -2.934
TNS   : -70.514

Type  : Fast 1100mV 85C Model Setup 'risc_processor:add_instance|state_transition:control_logic|CS.S1'
Slack : -2.469
TNS   : -36.307

Type  : Fast 1100mV 85C Model Setup 'risc_processor:add_instance|state_transition:control_logic|CS.S8'
Slack : -2.020
TNS   : -27.543

Type  : Fast 1100mV 85C Model Hold 'input_vector[0]'
Slack : -0.769
TNS   : -2.111

Type  : Fast 1100mV 85C Model Hold 'risc_processor:add_instance|state_transition:control_logic|CS.S1'
Slack : 1.521
TNS   : 0.000

Type  : Fast 1100mV 85C Model Hold 'risc_processor:add_instance|state_transition:control_logic|CS.S8'
Slack : 1.593
TNS   : 0.000

Type  : Fast 1100mV 85C Model Minimum Pulse Width 'input_vector[0]'
Slack : -0.092
TNS   : -3.280

Type  : Fast 1100mV 85C Model Minimum Pulse Width 'risc_processor:add_instance|state_transition:control_logic|CS.S1'
Slack : 0.258
TNS   : 0.000

Type  : Fast 1100mV 85C Model Minimum Pulse Width 'risc_processor:add_instance|state_transition:control_logic|CS.S8'
Slack : 0.324
TNS   : 0.000

Type  : Fast 1100mV 0C Model Setup 'input_vector[0]'
Slack : -2.427
TNS   : -56.267

Type  : Fast 1100mV 0C Model Setup 'risc_processor:add_instance|state_transition:control_logic|CS.S1'
Slack : -2.324
TNS   : -34.628

Type  : Fast 1100mV 0C Model Setup 'risc_processor:add_instance|state_transition:control_logic|CS.S8'
Slack : -1.921
TNS   : -26.433

Type  : Fast 1100mV 0C Model Hold 'input_vector[0]'
Slack : -0.758
TNS   : -2.125

Type  : Fast 1100mV 0C Model Hold 'risc_processor:add_instance|state_transition:control_logic|CS.S1'
Slack : 1.543
TNS   : 0.000

Type  : Fast 1100mV 0C Model Hold 'risc_processor:add_instance|state_transition:control_logic|CS.S8'
Slack : 1.605
TNS   : 0.000

Type  : Fast 1100mV 0C Model Minimum Pulse Width 'input_vector[0]'
Slack : -0.088
TNS   : -3.187

Type  : Fast 1100mV 0C Model Minimum Pulse Width 'risc_processor:add_instance|state_transition:control_logic|CS.S1'
Slack : 0.305
TNS   : 0.000

Type  : Fast 1100mV 0C Model Minimum Pulse Width 'risc_processor:add_instance|state_transition:control_logic|CS.S8'
Slack : 0.362
TNS   : 0.000

------------------------------------------------------------
